// Jest Snapshot v1, https://goo.gl/fbAQLP

exports[`Test View Logs Button against snapshot 1`] = `
<View
  accessible={true}
  isTVSelectable={true}
  onResponderGrant={[Function]}
  onResponderMove={[Function]}
  onResponderRelease={[Function]}
  onResponderTerminate={[Function]}
  onResponderTerminationRequest={[Function]}
  onStartShouldSetResponder={[Function]}
  style={
    Object {
      "alignItems": "center",
      "alignSelf": "center",
      "backgroundColor": "transparent",
      "borderColor": "#E0E0E0",
      "borderRadius": 75,
      "borderWidth": 1,
      "justifyContent": "center",
      "marginVertical": 13.34,
      "opacity": 1,
      "paddingVertical": 15,
      "width": 637.5,
    }
  }
>
  <Text
    style={
      Object {
        "color": "white",
        "fontSize": 33.66831008530128,
        "fontWeight": "600",
        "paddingVertical": 13.34,
      }
    }
  >
    View Event Logs
  </Text>
</View>
`;
